
g14-arctis @ 100 Hz
  vol  microphone
 100%  fund=  -92.1 dBFS  h2= -108.4 h3= -109.7 h4= -114.0 h5= -126.2 h6= -115.6  THD= 22.93%

g14-arctis @ 150 Hz
  vol  microphone
 100%  fund=  -84.9 dBFS  h2= -103.7 h3= -101.0 h4= -112.4 h5= -104.9 h6=  -94.2  THD= 40.79%

g14-arctis @ 200 Hz
  vol  microphone
 100%  fund=  -78.7 dBFS  h2= -107.9 h3=  -98.3 h4=  -88.9 h5=  -88.8 h6=  -93.2  THD= 48.97%

g14-arctis @ 300 Hz
  vol  microphone
 100%  fund=  -67.2 dBFS  h2=  -97.6 h3=  -78.8 h4=  -89.7 h5=  -84.9 h6=  -87.6  THD= 31.69%

g14-arctis @ 500 Hz
  vol  microphone
 100%  fund=  -56.8 dBFS  h2=  -74.8 h3=  -76.9 h4=  -86.1 h5=  -85.6 h6=  -91.5  THD= 16.88%

g14-arctis @ 750 Hz
  vol  microphone
 100%  fund=  -51.5 dBFS  h2=  -75.1 h3=  -75.3 h4=  -81.8 h5=  -78.5 h6=  -81.8  THD= 11.17%

g14-arctis @ 1000 Hz
  vol  microphone
 100%  fund=  -46.9 dBFS  h2=  -84.2 h3=  -84.3 h4=  -69.5 h5=  -86.4 h6=  -92.2  THD=  7.75%

g14-arctis @ 1500 Hz
  vol  microphone
 100%  fund=  -49.0 dBFS  h2=  -85.0 h3=  -90.6 h4=  -86.1 h5=  -94.4 h6=  -91.9  THD=  2.44%

g14-arctis @ 2000 Hz
  vol  microphone
 100%  fund=  -57.2 dBFS  h2=  -67.8 h3=  -90.9 h4= -100.8 h5=  -93.0 h6=  -82.7  THD= 30.22%

g14-arctis @ 3000 Hz
  vol  microphone
 100%  fund=  -44.9 dBFS  h2=  -92.9 h3=  -91.5 h4=  -97.8 h5= -119.6 h6= -125.5  THD=  0.66%

g14-arctis @ 5000 Hz
  vol  microphone
 100%  fund=  -51.6 dBFS  h2=  -94.3 h3= -101.0 h4= -138.2 h5= -999.0 h6= -999.0  THD=  0.80%

g14-arctis @ 8000 Hz
  vol  microphone
 100%  fund=  -40.1 dBFS  h2= -108.5 h3= -999.0 h4= -999.0 h5= -999.0 h6= -999.0  THD=  0.04%
